label_entry
in:

out:

label_ret
in:
op19 
out:

label4
in:
op14 op16 
out:
op19 op20 
label9
in:
op19 op20 
out:
op14 op16 
label17
in:
op19 
out:
op19 
