label_entry
in:
arg0 arg1 
out:
op7 
label_ret
in:
op7 
out:

label_entry
in:

out:

label_ret
in:
op38 
out:

label3
in:
op46 
out:
op45 
label11
in:
op45 
out:
op45 
label32
in:
op45 
out:
op38 
label39
in:
op45 
out:
op43 
label44
in:
op43 op45 
out:
op46 
