label_entry
in:

out:

label_ret
in:

out:

label3
in:

out:

label11
in:

out:

label32
in:

out:

label34
in:

out:

label35
in:

out:

