label_entry
in:

out:
op27 op50 op51 op52 op6 
label_ret
in:

out:

label94
in:
op107 op27 op50 op51 op52 op6 
out:
op228 op27 op50 op51 op52 op6 
label100
in:
op228 op27 op50 op51 op52 op6 
out:
op107 op27 op50 op51 op52 op6 
label108
in:
op27 op50 op51 op52 
out:
op27 op50 op51 op52 
label109
in:
op122 op27 op50 op51 op52 
out:
op229 op27 op50 op51 op52 
label115
in:
op229 op27 op50 op51 op52 
out:
op122 op27 op50 op51 op52 
label123
in:
op50 op51 op52 
out:
op127 op50 op51 op52 
label128
in:
op127 op138 op50 op51 op52 
out:
op127 op230 op50 op51 op52 
label134
in:
op127 op230 op50 op51 op52 
out:
op127 op138 op50 op51 op52 
label139
in:
op127 op50 op51 op52 
out:
op127 op141 op50 op51 op52 
label142
in:
op127 op141 op150 op182 op184 op236 op238 op50 op51 op52 
out:
op231 op232 op235 op50 op51 op52 
label147
in:
op231 op232 op235 op50 op51 op52 
out:
op150 op152 op231 op232 op235 op50 op51 op52 
label153
in:
op52 
out:
op52 
label159
in:
op150 op152 op173 op205 op207 op231 op232 op235 op50 op51 op52 
out:
op150 op235 op236 op237 op238 op50 op51 op52 
label164
in:
op150 op235 op237 op238 op50 op51 op52 
out:
op150 op173 op235 op237 op238 op50 op51 op52 
label178
in:
op150 op235 op236 op237 op238 op50 op51 op52 
out:
op150 op182 op184 op236 op238 op50 op51 op52 
label185
in:
op150 op173 op235 op237 op238 op50 op51 op52 
out:
op150 op173 op235 op237 op238 op50 op51 op52 
label199
in:
op150 op173 op235 op237 op238 op50 op51 op52 
out:
op150 op173 op235 op237 op238 op50 op51 op52 
label203
in:
op150 op173 op235 op237 op238 op50 op51 op52 
out:
op150 op173 op205 op207 op235 op50 op51 op52 
label208
in:
op52 
out:
op52 
label211
in:
op52 
out:
op52 
label212
in:
op226 op52 
out:
op239 op52 
label221
in:
op239 op52 
out:
op226 op52 
label227
in:

out:

