label_entry
in:
arg0 
out:
arg0 
label_ret
in:
op16 
out:

label8
in:
arg0 
out:
op10 
label11
in:
arg0 
out:
op13 
label14
in:
op10 op13 
out:
op16 
label_entry
in:
arg0 
out:
arg0 
label_ret
in:
op16 
out:

label8
in:
arg0 
out:
op10 
label11
in:
arg0 
out:
op13 
label14
in:
op10 op13 
out:
op16 
label_entry
in:

out:

label_ret
in:

out:

