label_entry
in:
arg0 
out:
arg0 op7 
label_ret
in:
arg0 op40 op43 
out:

label10
in:
arg0 
out:
arg0 
label12
in:
arg0 op7 
out:
arg0 op7 
label16
in:
arg0 op36 op7 
out:
arg0 op43 op7 
label23
in:
arg0 op43 op7 
out:
arg0 op36 op7 
label37
in:
arg0 op43 op7 
out:
op40 op43 
label_entry
in:

out:
op4 
label_ret
in:
op4 
out:

