label_entry
in:

out:
op4 
label_ret
in:
op4 
out:

label_entry
in:

out:

label_ret
in:
op6 
out:

label4
in:

out:

label5
in:

out:
op6 
