label_entry
in:

out:

label_ret
in:
op20 
out:

label8
in:

out:

label13
in:

out:
op15 
label16
in:
op15 op21 
out:
op20 
label18
in:

out:

label19
in:

out:
op21 
label_entry
in:

out:
op1 
label_ret
in:
op1 
out:

