label_entry
in:
arg0 
out:
arg0 op3 op4 op5 
label_ret
in:
op176 
out:

label11
in:
arg0 op24 op3 op4 op5 
out:
arg0 op171 op3 op4 op5 
label16
in:
arg0 op171 op3 op4 op5 
out:
arg0 op24 op3 op4 op5 
label25
in:
arg0 op3 op4 op5 
out:
arg0 op3 op4 op5 
label26
in:
arg0 op3 op4 op43 op5 
out:
arg0 op172 op3 op4 op5 
label31
in:
arg0 op172 op3 op4 op5 
out:
arg0 op3 op4 op43 op5 
label44
in:
arg0 op3 op4 op5 
out:
arg0 op3 op4 op5 
label45
in:
arg0 op3 op4 op5 op66 
out:
arg0 op173 op3 op4 op5 
label50
in:
arg0 op173 op3 op4 op5 
out:
arg0 op3 op4 op5 op66 
label67
in:
arg0 op3 op4 op5 
out:
arg0 op3 op4 op5 
label68
in:
arg0 op178 op179 op180 op3 op4 op5 op95 
out:
arg0 op174 op175 op176 op177 op3 op4 op5 
label73
in:
arg0 op174 op175 op176 op177 op3 op4 op5 
out:
arg0 op174 op175 op176 op177 op3 op4 op5 
label78
in:
op176 
out:
op176 
label80
in:
arg0 op174 op175 op176 op177 op3 op4 op5 
out:
arg0 op174 op175 op177 op3 op4 op5 op86 
label88
in:
arg0 op174 op175 op176 op177 op3 op4 op5 
out:
arg0 op174 op175 op176 op177 op3 op4 op5 
label93
in:
arg0 op174 op175 op177 op181 op182 op183 op3 op4 op5 op86 
out:
arg0 op178 op179 op180 op3 op4 op5 op95 
label96
in:
arg0 op174 op176 op177 op3 op4 op5 
out:
arg0 op174 op176 op177 op3 op4 op5 
label97
in:
arg0 op174 op175 op176 op177 op3 op4 op5 
out:
arg0 op174 op175 op176 op177 op3 op4 op5 
label102
in:
arg0 op174 op175 op177 op184 op185 op186 op187 op3 op4 op5 
out:
arg0 op177 op181 op182 op183 op3 op4 op5 
label103
in:
arg0 op117 op119 op174 op176 op177 op3 op4 op5 
out:
arg0 op174 op177 op184 op185 op3 op4 op5 
label108
in:
arg0 op174 op177 op184 op185 op3 op4 op5 
out:
arg0 op117 op119 op174 op177 op3 op4 op5 
label120
in:
arg0 op174 op177 op184 op185 op3 op4 op5 
out:
arg0 op174 op177 op184 op185 op3 op4 op5 
label122
in:
arg0 op175 op176 op177 op3 op4 op5 
out:
arg0 op175 op176 op177 op3 op4 op5 
label123
in:
arg0 op174 op175 op176 op177 op3 op4 op5 
out:
arg0 op131 op174 op175 op177 op3 op4 op5 
label132
in:
arg0 op131 op174 op175 op177 op188 op189 op3 op4 op5 
out:
arg0 op175 op177 op186 op187 op3 op4 op5 
label133
in:
arg0 op175 op176 op177 op190 op191 op3 op4 op5 
out:
arg0 op175 op177 op188 op189 op3 op4 op5 
label138
in:
arg0 op175 op177 op188 op189 op3 op4 op5 
out:
arg0 op175 op177 op188 op189 op3 op4 op5 
label143
in:
arg0 op175 op177 op188 op189 op3 op4 op5 
out:
arg0 op175 op177 op188 op189 op3 op4 op5 
label145
in:
arg0 op175 op177 op188 op189 op3 op4 op5 
out:
arg0 op154 op156 op175 op177 op3 op4 op5 
label157
in:
arg0 op175 op177 op188 op189 op3 op4 op5 
out:
arg0 op167 op169 op175 op177 op3 op4 op5 
label170
in:
arg0 op154 op156 op167 op169 op175 op177 op3 op4 op5 
out:
arg0 op175 op177 op190 op191 op3 op4 op5 
label_entry
in:

out:
op1 
label_ret
in:
op1 
out:

