label_entry
in:
arg0 
out:
arg0 
label_ret
in:
op16 
out:

label9
in:

out:

label10
in:
arg0 
out:
op16 
label_entry
in:

out:
op3 
label_ret
in:
op3 
out:

