label_entry
in:

out:
op1 
label_ret
in:
op28 
out:

label5
in:
op1 op13 
out:
op1 op29 
label8
in:
op1 op29 
out:
op1 op13 
label14
in:
op1 op29 
out:
op1 op29 
label15
in:
op1 op20 op25 op29 
out:
op1 op30 op31 
label18
in:
op1 op30 op31 
out:
op1 op20 op25 
label26
in:
op30 
out:
op28 
