label_entry
in:
arg0 
out:
arg0 
label_ret
in:

out:

label8
in:
arg0 op61 op65 op66 
out:
arg0 op64 
label15
in:
arg0 op64 
out:
arg0 op18 op64 
label19
in:

out:

label20
in:
arg0 op18 op46 op64 op67 
out:
arg0 op64 op65 op66 
label26
in:
arg0 op64 op65 op66 
out:
arg0 op64 op65 op66 
label36
in:
arg0 op64 op65 op66 
out:
arg0 op64 op65 op66 
label42
in:
arg0 op64 op66 
out:
arg0 op64 op66 
label44
in:
arg0 op64 op65 op66 
out:
arg0 op46 op64 op67 
label47
in:
arg0 op64 op65 op66 
out:
arg0 op64 op65 op66 
label59
in:
arg0 op64 op65 op66 
out:
arg0 op61 op65 op66 
label_entry
in:

out:
op13 
label_ret
in:

out:

label16
in:
op13 op29 
out:
op31 
label22
in:
op31 
out:
op29 
label30
in:

out:

