label_entry
in:

out:

label_ret
in:

out:

label5
in:
op14 op37 op52 
out:
op51 
label11
in:
op51 
out:
op14 op16 op51 
label17
in:

out:

label18
in:
op14 op16 op46 op51 
out:
op14 op51 op52 
label23
in:
op14 op51 op52 
out:
op14 op51 op52 
label31
in:
op14 op51 op52 
out:
op14 op37 op52 
label38
in:
op14 op51 op52 
out:
op14 op46 op51 
label47
in:
op14 op51 op52 
out:
op14 op51 op52 
label48
in:
op14 op46 op51 
out:
op14 op46 op51 
label_entry
in:

out:
op12 
label_ret
in:

out:

label15
in:
op12 op28 
out:
op30 
label21
in:
op30 
out:
op28 
label29
in:

out:

