label_entry
in:

out:

label_ret
in:

out:

label5
in:
op36 op56 
out:
op55 
label12
in:
op55 
out:
op55 
label13
in:

out:

label14
in:
op53 op55 
out:
op55 op56 
label23
in:
op55 op56 
out:
op55 op56 
label34
in:
op55 op56 
out:
op36 op56 
label37
in:
op55 op56 
out:
op55 op56 
label51
in:
op55 op56 
out:
op53 op55 
label_entry
in:

out:
op12 
label_ret
in:

out:

label15
in:
op12 op28 
out:
op30 
label21
in:
op30 
out:
op28 
label29
in:

out:

