label_entry
in:

out:
op10 
label_ret
in:
op10 
out:

