label_entry
in:

out:
op4 
label_ret
in:
op4 
out:

