label_entry
in:

out:

label_ret
in:
op14 
out:

label2
in:

out:

label7
in:

out:

label13
in:

out:
op14 
