label_entry
in:

out:

label_ret
in:
op20 
out:

label3
in:
op10 
out:
op19 
label8
in:
op19 
out:
op10 
label15
in:
op10 op19 
out:
op20 
label17
in:
op10 
out:
op10 
label18
in:
op10 
out:
op10 
