label_entry
in:

out:

label_ret
in:
op21 
out:

label3
in:
op17 
out:
op21 
label8
in:
op21 
out:
op21 
label13
in:
op21 
out:
op21 
label15
in:
op21 
out:
op17 
label18
in:
op21 
out:
op21 
