label_entry
in:
arg0 arg1 
out:
op11 
label_ret
in:
op11 
out:

label_entry
in:

out:
op7 
label_ret
in:
op7 
out:

