label_entry
in:

out:

label_ret
in:
op14 
out:

label10
in:

out:

label13
in:
op40 
out:
op14 
label15
in:
op41 
out:
op40 
label20
in:
op40 
out:
op22 
label27
in:
op40 
out:
op40 
label29
in:
op22 
out:
op37 
label38
in:
op22 op37 
out:
op41 
