label_entry
in:

out:

label_ret
in:

out:

label13
in:

out:

label19
in:

out:

label27
in:

out:

label34
in:

out:

