label_entry
in:
arg0 
out:
arg0 op6 
label_ret
in:
op26 
out:

label8
in:
arg0 op23 op26 op6 
out:
arg0 op26 
label15
in:
arg0 op26 
out:
arg0 op23 op26 
label24
in:
op26 
out:
op26 
label_entry
in:

out:

label_ret
in:

out:

