label_entry
in:
arg0 
out:
op4 
label_ret
in:
op4 
out:

label_entry
in:

out:

label_ret
in:

out:

label_entry
in:

out:

label_ret
in:
op6 op9 
out:

label5
in:

out:
op6 
label7
in:

out:
op9 
