label_entry
in:

out:

label_ret
in:
op41 
out:

label3
in:
op38 
out:
op41 
label11
in:
op41 
out:
op41 
label32
in:
op41 
out:
op41 
label34
in:
op41 
out:
op38 
label39
in:
op41 
out:
op41 
label40
in:
op38 
out:
op38 
