label_entry
in:
arg0 
out:
arg0 
label_ret
in:

out:

label7
in:

out:

label10
in:
arg0 
out:

label15
in:

out:

label_entry
in:

out:

label_ret
in:

out:

