label_entry
in:
arg0 
out:
arg0 op3 
label_ret
in:

out:

label8
in:
arg0 op17 op3 
out:
arg0 op3 op91 
label13
in:
arg0 op3 op91 
out:
arg0 op17 op3 
label18
in:
arg0 op3 
out:
arg0 op3 
label19
in:
arg0 op3 op37 
out:
arg0 op3 op92 
label25
in:
arg0 op3 op92 
out:
arg0 op3 op37 
label38
in:
arg0 op3 
out:
arg0 op3 
label39
in:
arg0 op3 op56 
out:
arg0 op3 op93 
label44
in:
arg0 op3 op93 
out:
arg0 op3 op56 
label57
in:
arg0 op3 
out:
arg0 op3 
label59
in:
arg0 op3 op89 
out:
op3 op94 
label64
in:
op3 op94 
out:
op3 op89 
label90
in:

out:

label_entry
in:

out:
op13 
label_ret
in:

out:

label16
in:
op13 op29 
out:
op31 
label22
in:
op31 
out:
op29 
label30
in:

out:

