label_entry
in:
arg0 arg1 
out:

label_ret
in:

out:

label_entry
in:
arg0 arg1 
out:
arg0 arg1 op10 
label_ret
in:
op63 op65 
out:

label12
in:
arg0 arg1 op10 op59 op65 
out:
arg1 op63 op64 
label19
in:
arg1 op63 op64 
out:
arg1 op63 op64 
label25
in:
op63 
out:
op63 
label26
in:
arg1 op63 op64 
out:
arg1 op63 op64 
label37
in:
arg1 op63 op64 op66 
out:
arg1 op64 op65 
label47
in:
arg1 op63 op64 
out:
arg1 op49 op64 
label50
in:
arg1 op49 op63 op64 
out:
arg1 op64 op66 
label51
in:
op65 
out:
op65 
label52
in:
arg1 op64 op65 
out:
arg1 op59 op65 
label60
in:
arg1 op59 op65 
out:
arg1 op59 op65 
label_entry
in:
arg0 
out:
arg0 op7 
label_ret
in:

out:

label10
in:
arg0 op22 op7 
out:
arg0 op43 
label15
in:
arg0 op43 
out:
arg0 op22 
label23
in:
arg0 
out:
op25 
label26
in:
op25 op41 
out:
op44 
label31
in:
op44 
out:
op41 
label42
in:

out:

label_entry
in:

out:
op13 
label_ret
in:

out:

label16
in:
op13 op29 
out:
op31 
label22
in:
op31 
out:
op29 
label30
in:

out:

