label_entry
in:

out:

label_ret
in:
op21 
out:

label6
in:
op13 op32 op59 op60 
out:
op55 op56 op57 op58 
label11
in:
op55 op56 op57 op58 
out:
op13 op55 op56 op57 
label14
in:
op55 op56 op57 op58 
out:
op21 
label22
in:
op13 op29 op43 op55 op56 op57 op62 
out:
op13 op59 op60 op61 
label27
in:
op13 op59 op60 op61 
out:
op13 op29 op59 op60 
label30
in:
op13 op59 op60 op61 
out:
op13 op32 op59 op60 
label33
in:
op13 op29 op40 op54 op59 op60 
out:
op13 op29 op62 op63 
label38
in:
op13 op29 op62 op63 
out:
op13 op29 op40 op62 
label41
in:
op13 op29 op62 op63 
out:
op13 op29 op43 op62 
label44
in:
op13 op29 op40 op51 op62 
out:
op13 op29 op40 op64 
label49
in:
op13 op29 op40 op64 
out:
op13 op29 op40 op51 
label52
in:
op13 op29 op40 op64 
out:
op13 op29 op40 op54 
label_entry
in:

out:
op1 
label_ret
in:
op1 
out:

