label_entry
in:

out:

label_ret
in:
op30 
out:

label4
in:
op24 op32 
out:
op30 op31 
label9
in:
op31 
out:
op31 
label14
in:
op30 
out:
op30 
label16
in:
op31 
out:
op31 
label17
in:
op31 
out:
op31 
label22
in:
op31 op33 
out:
op24 op32 
label25
in:
op31 
out:
op31 
label26
in:
op31 
out:
op28 op31 
label29
in:
op28 op31 
out:
op31 op33 
label_entry
in:

out:
op1 
label_ret
in:
op1 
out:

