label_entry
in:
arg0 arg1 
out:
arg0 arg1 
label_ret
in:
op19 
out:

label10
in:
arg0 arg1 
out:
arg0 arg1 
label15
in:
arg0 arg1 
out:
op19 
label20
in:

out:

label21
in:
arg0 arg1 
out:
arg0 arg1 
label_entry
in:
arg0 
out:
op8 
label_ret
in:
op8 
out:

label_entry
in:

out:

label_ret
in:
op14 
out:

label3
in:

out:

label8
in:

out:

label12
in:
op32 
out:
op14 
label15
in:

out:

label26
in:

out:

label27
in:

out:
op29 
label30
in:
op29 
out:
op32 
