label_entry
in:
arg0 arg1 
out:
arg0 arg1 
label_ret
in:
op125 
out:

label10
in:
arg0 arg1 op144 op145 op146 op37 
out:
arg0 arg1 op140 op141 op143 
label16
in:
arg0 arg1 op140 op141 op143 
out:
arg0 arg1 op140 op141 op143 
label17
in:
arg0 arg1 
out:
arg0 arg1 
label20
in:
arg0 arg1 op140 op141 op143 op147 op148 op81 
out:
arg0 arg1 op143 op144 op145 op146 
label27
in:
arg0 arg1 op143 op144 op145 op146 
out:
arg0 arg1 op143 op144 op145 op146 
label35
in:
arg0 arg1 op143 op144 op145 op146 
out:
arg0 arg1 op144 op145 op146 op37 
label38
in:
arg0 arg1 op143 op144 op145 op146 
out:
arg0 arg1 op143 op144 op145 op146 
label51
in:
arg0 arg1 op143 op146 
out:
arg0 arg1 op143 op146 op58 op73 
label79
in:
arg0 arg1 op143 op144 op145 op146 op58 op73 
out:
arg0 arg1 op143 op147 op148 op81 
label82
in:
arg0 arg1 op143 op146 op58 op73 
out:
arg0 arg1 op143 op146 op58 op73 
label89
in:
arg0 arg1 op143 op146 op58 op73 
out:
arg0 arg1 op143 op146 op58 op73 
label96
in:
arg0 arg1 op143 op146 op58 op73 
out:
arg0 arg1 op143 op146 op58 op73 
label97
in:
arg0 arg1 op139 op151 
out:
arg0 arg1 op149 op150 
label102
in:
arg0 arg1 op149 op150 
out:
arg0 arg1 op149 op150 
label119
in:
arg0 arg1 
out:
op125 
label126
in:
arg0 arg1 op149 op150 
out:
arg0 arg1 op133 op150 
label134
in:
arg0 arg1 op149 op150 
out:
arg0 arg1 op149 op150 
label137
in:
arg0 arg1 op133 op149 op150 
out:
arg0 arg1 op139 op151 
label_entry
in:

out:

label_ret
in:

out:

