label_entry
in:

out:
op2 
label_ret
in:
op2 
out:

label_entry
in:
arg0 
out:
arg0 
label_ret
in:

out:

label8
in:

out:

label9
in:
arg0 
out:

label14
in:

out:

label15
in:

out:

label_entry
in:
arg0 
out:
arg0 
label_ret
in:

out:

label8
in:
arg0 
out:

label13
in:

out:

label14
in:

out:

label15
in:

out:

label16
in:

out:

label_entry
in:

out:

label_ret
in:
op19 
out:

label2
in:

out:

label6
in:

out:

label8
in:

out:

label12
in:

out:

label15
in:

out:

label18
in:

out:
op19 
label20
in:

out:

label24
in:

out:

label30
in:

out:

label_entry
in:

out:

label_ret
in:

out:

label_entry
in:
arg0 
out:
arg0 
label_ret
in:

out:

label8
in:

out:

label9
in:
arg0 
out:
arg0 
label14
in:

out:

label15
in:
arg0 
out:
arg0 
label20
in:

out:

label21
in:
arg0 
out:
arg0 
label26
in:

out:

label27
in:
arg0 
out:

label32
in:

out:

label33
in:

out:

label_entry
in:
arg0 arg1 
out:
arg1 
label_ret
in:

out:

label8
in:
arg1 
out:

label17
in:
arg1 
out:

label26
in:

out:

label_entry
in:
arg0 
out:

label_ret
in:
op29 
out:

label9
in:

out:
op13 
label18
in:

out:
op22 
label27
in:
op13 op22 
out:
op29 
label_entry
in:
arg0 
out:

label_ret
in:
op21 
out:

label9
in:

out:
op13 
label14
in:

out:
op18 
label19
in:
op13 op18 
out:
op21 
label_entry
in:
arg0 
out:

label_ret
in:
op17 
out:

label9
in:

out:
op11 
label12
in:

out:
op14 
label15
in:
op11 op14 
out:
op17 
label_entry
in:
arg0 arg1 arg2 
out:
arg0 arg1 arg2 
label_ret
in:
op15 op24 op33 op42 op51 
out:

label12
in:
arg1 arg2 
out:
op15 
label16
in:
arg0 arg1 arg2 
out:
arg0 arg1 arg2 
label21
in:
arg1 arg2 
out:
op24 
label25
in:
arg0 arg1 arg2 
out:
arg0 arg1 arg2 
label30
in:
arg1 arg2 
out:
op33 
label34
in:
arg0 arg1 arg2 
out:
arg0 arg1 arg2 
label39
in:
arg1 arg2 
out:
op42 
label43
in:
arg0 arg1 arg2 
out:
arg1 arg2 
label48
in:
arg1 arg2 
out:
op51 
label52
in:

out:

label_entry
in:

out:

label_ret
in:
op14 op24 op63 op79 op83 
out:

label13
in:

out:
op14 
label15
in:

out:

label18
in:
op24 
out:
op82 
label23
in:

out:
op24 
label30
in:
op24 op82 
out:
op83 
label32
in:
op24 
out:
op24 
label33
in:
op24 
out:
op24 
label35
in:
op24 
out:
op24 
label38
in:
op24 
out:
op24 
label46
in:
op24 
out:
op24 
label52
in:
op24 
out:
op24 
label60
in:
op24 
out:
op24 
label61
in:
op24 
out:
op24 
label62
in:
op24 
out:
op24 op63 
label64
in:
op24 
out:
op24 
label67
in:
op83 
out:
op83 
label70
in:
op83 
out:
op83 
label78
in:
op83 
out:
op79 op83 
label_entry
in:

out:
op2 
label_ret
in:

out:

label6
in:
op12 op2 
out:
op14 
label9
in:
op14 
out:
op12 
label13
in:

out:

