label_entry
in:

out:

label_ret
in:

out:

label3
in:
op39 op40 
out:
op37 op38 
label8
in:
op37 op38 
out:
op37 op38 
label13
in:

out:

label14
in:
op37 op38 
out:
op16 op18 
label22
in:
op37 op38 
out:
op25 op38 
label26
in:
op16 op18 op25 op38 
out:
op39 op40 
label27
in:
op37 op38 
out:
op37 op38 
label_entry
in:

out:

label_ret
in:
op22 op24 op52 op53 
out:

label4
in:
op54 op55 
out:
op52 op53 
label9
in:
op52 op53 
out:
op52 op53 
label19
in:
op52 op53 
out:
op52 op53 
label20
in:
op52 op53 
out:
op22 op24 
label31
in:
op52 op53 
out:
op34 op52 
label39
in:
op22 op24 op56 op57 
out:
op54 op55 
label40
in:
op22 op24 
out:
op22 op24 
label42
in:
op22 op24 
out:
op22 op24 
label43
in:
op34 op52 
out:
op45 op47 
label48
in:
op34 op45 op47 op52 
out:
op56 op57 
label_entry
in:
arg0 
out:

label_ret
in:
op55 op56 
out:

label10
in:

out:

label11
in:

out:

label12
in:
op31 
out:
op55 
label14
in:
op55 
out:
op55 
label24
in:
op55 
out:
op55 
label28
in:
op55 
out:
op55 
label29
in:
op55 
out:
op31 
label32
in:
op51 
out:
op56 
label34
in:
op56 
out:
op56 
label44
in:
op56 
out:
op56 
label48
in:
op56 
out:
op56 
label49
in:
op56 
out:
op51 
label_entry
in:

out:

label_ret
in:

out:

