label_entry
in:

out:

label_ret
in:

out:

label3
in:
op23 
out:
op24 
label9
in:
op24 
out:
op24 
label18
in:

out:

label19
in:

out:

label20
in:
op24 
out:
op24 
label21
in:
op24 
out:
op23 
label_entry
in:
arg0 
out:
arg0 
label_ret
in:

out:

label3
in:
arg0 op28 
out:
arg0 op79 
label9
in:
arg0 op79 
out:
arg0 op79 
label16
in:

out:

label17
in:
arg0 op79 
out:
arg0 op79 
label26
in:
arg0 op79 
out:
arg0 op28 
label29
in:
arg0 op79 
out:
arg0 op79 
label40
in:
arg0 op79 
out:
arg0 op79 
label41
in:
arg0 op79 
out:
arg0 op79 
label50
in:
arg0 op79 
out:
arg0 op79 
label51
in:
arg0 op79 
out:
arg0 op79 
label52
in:
arg0 op79 
out:
arg0 op79 
label_entry
in:

out:
op2 
label_ret
in:
op14 
out:

label4
in:
op12 op2 
out:
op15 
label9
in:
op15 
out:
op12 
label13
in:

out:
op14 
