label_entry
in:
arg0 
out:
arg0 
label_ret
in:

out:

label3
in:
arg0 op16 
out:
arg0 op18 
label12
in:
arg0 op18 
out:
arg0 op16 
label17
in:

out:

label_entry
in:
arg0 
out:
arg0 
label_ret
in:
arg0 op22 
out:

label11
in:
arg0 
out:
arg0 
label13
in:
arg0 
out:
op22 
label_entry
in:
arg0 arg1 
out:
op6 op9 
label_ret
in:

out:

label15
in:
op6 op9 
out:

label19
in:

out:

label_entry
in:

out:

label_ret
in:

out:

label11
in:
op16 op188 op189 op190 op191 op192 op21 
out:
op180 op184 op185 op187 
label14
in:
op180 op184 op185 op187 
out:
op16 op180 op184 op185 op21 
label22
in:

out:

label23
in:
op16 op180 op184 op185 op193 op194 op21 op30 op31 op57 
out:
op16 op188 op189 op190 op191 op192 op21 
label29
in:
op16 op188 op189 op190 op21 
out:
op16 op188 op189 op190 op21 op30 op31 
label36
in:
op16 op188 op189 op190 op191 op192 op21 
out:
op16 op188 op189 op190 op191 op192 op21 
label41
in:
op16 op189 op190 op21 op30 op31 
out:
op16 op189 op190 op21 op30 op31 op47 
label55
in:
op16 op188 op189 op190 op195 op21 op30 op31 op47 
out:
op16 op193 op194 op21 op30 op31 op57 
label58
in:
op16 op189 op190 op21 op30 op31 op47 
out:
op16 op189 op190 op21 op30 op31 op47 
label61
in:
op16 op189 op190 op21 op30 op31 op47 
out:
op16 op189 op190 op21 op30 op31 op47 
label67
in:
op16 op189 op190 op21 op30 op31 op47 
out:
op16 op189 op190 op21 op30 op31 op47 
label73
in:
op16 op189 op190 op21 op30 op31 op47 
out:
op16 op189 op190 op21 op30 op31 op47 
label79
in:
op16 op189 op190 op21 op30 op31 op47 
out:
op16 op189 op190 op21 op30 op31 op47 
label87
in:
op16 op189 op190 op21 op30 op31 op47 
out:
op16 op189 op190 op21 op30 op31 op47 
label92
in:
op16 op189 op190 op21 op30 op31 op47 
out:
op16 op189 op190 op21 op30 op31 op47 
label96
in:
op16 op189 op190 op21 op30 op31 op47 
out:
op16 op189 op190 op21 op30 op31 op47 
label97
in:
op16 op189 op190 op21 op30 op31 op47 
out:
op16 op189 op190 op21 op30 op31 op47 
label105
in:
op16 op189 op190 op21 op30 op31 op47 
out:
op16 op189 op190 op21 op30 op31 op47 
label111
in:
op16 op189 op190 op21 op30 op31 op47 
out:
op16 op189 op190 op21 op30 op31 op47 
label115
in:
op16 op189 op190 op21 op30 op31 op47 
out:
op16 op189 op190 op21 op30 op31 op47 
label116
in:
op16 op189 op190 op21 op30 op31 op47 
out:
op16 op189 op190 op21 op30 op31 op47 
label125
in:
op16 op189 op190 op21 op30 op31 op47 
out:
op16 op189 op190 op21 op30 op31 op47 
label130
in:
op16 op189 op190 op21 op30 op31 op47 
out:
op16 op189 op190 op21 op30 op31 op47 
label135
in:
op16 op189 op190 op21 op30 op31 op47 
out:
op16 op189 op190 op21 op30 op31 op47 
label136
in:
op16 op189 op190 op21 op30 op31 op47 
out:
op16 op189 op190 op21 op30 op31 op47 
label145
in:
op16 op189 op190 op21 op30 op31 op47 
out:
op16 op189 op190 op21 op30 op31 op47 
label151
in:
op16 op189 op190 op21 op30 op31 op47 
out:
op16 op189 op190 op21 op30 op31 op47 
label156
in:
op16 op189 op190 op21 op30 op31 op47 
out:
op16 op189 op190 op21 op30 op31 op47 
label157
in:
op16 op189 op190 op21 op30 op31 op47 
out:
op16 op189 op190 op21 op30 op31 op47 
label164
in:
op16 op189 op190 op196 op21 op30 op31 op47 
out:
op16 op190 op195 op21 op30 op31 op47 
label165
in:
op16 op189 op190 op21 op30 op31 op47 
out:
op16 op189 op190 op21 op30 op31 op47 
label172
in:
op16 op189 op190 op197 op21 op30 op31 op47 
out:
op16 op190 op196 op21 op30 op31 op47 
label173
in:
op16 op190 op21 op30 op31 op47 
out:
op16 op190 op21 op30 op31 op47 
label177
in:
op16 op189 op190 op21 op30 op31 op47 
out:
op16 op190 op197 op21 op30 op31 op47 
label178
in:
op16 op188 op189 op190 op191 op192 op21 
out:
op16 op188 op189 op190 op191 op192 op21 
label179
in:
op16 op188 op189 op190 op191 op192 op21 
out:
op16 op188 op189 op190 op191 op192 op21 
