label_entry
in:

out:

label_ret
in:

out:

label_entry
in:

out:
op2 
label_ret
in:
op2 
out:

