label_entry
in:

out:

label_ret
in:

out:

label6
in:

out:

label7
in:

out:

