label_entry
in:

out:

label_ret
in:

out:

label9
in:

out:

label10
in:

out:

