label_entry
in:
arg0 arg1 
out:
arg0 arg1 
label_ret
in:
op37 
out:

label13
in:
arg0 arg1 
out:
arg0 arg1 
label17
in:
arg0 arg1 
out:
op20 op34 op35 
label21
in:
op20 op31 op34 op35 op36 op37 
out:
op36 op37 
label26
in:
op36 op37 
out:
op31 op36 op37 
label32
in:
op37 
out:
op37 
label_entry
in:

out:
op7 
label_ret
in:
op7 
out:

